../Core/Src/main.c:97:5:main	16	static
../Core/Src/main.c:190:6:SystemClock_Config	96	static
../Core/Src/main.c:251:13:MX_DFSDM1_Init	8	static
../Core/Src/main.c:289:13:MX_I2C2_Init	8	static
../Core/Src/main.c:337:13:MX_QUADSPI_Init	8	static
../Core/Src/main.c:370:13:MX_SPI3_Init	8	static
../Core/Src/main.c:410:13:MX_USART1_UART_Init	8	static
../Core/Src/main.c:445:13:MX_USB_OTG_FS_PCD_Init	8	static
../Core/Src/main.c:480:13:MX_GPIO_Init	48	static
../Core/Src/main.c:675:6:HAL_UART_TxCpltCallback	16	static
../Core/Src/main.c:686:6:Error_Handler	4	static,ignoring_inline_asm
