../Core/Src/main.c:104:5:main	160	static
../Core/Src/main.c:187:6:SystemClock_Config	96	static
../Core/Src/main.c:248:13:MX_DFSDM1_Init	8	static
../Core/Src/main.c:286:13:MX_I2C2_Init	8	static
../Core/Src/main.c:334:13:MX_QUADSPI_Init	8	static
../Core/Src/main.c:367:13:MX_SPI3_Init	8	static
../Core/Src/main.c:407:13:MX_USART1_UART_Init	8	static
../Core/Src/main.c:442:13:MX_USART3_UART_Init	8	static
../Core/Src/main.c:477:13:MX_USB_OTG_FS_PCD_Init	8	static
../Core/Src/main.c:512:13:MX_GPIO_Init	48	static
../Core/Src/main.c:700:13:AI_Init	16	static
../Core/Src/main.c:716:13:AI_Run	24	static
../Core/Src/main.c:733:17:argmax	32	static
../Core/Src/main.c:752:6:Error_Handler	4	static,ignoring_inline_asm
