../Core/Src/main.c:118:5:main	288	static
../Core/Src/main.c:230:6:SystemClock_Config	96	static
../Core/Src/main.c:291:13:MX_DFSDM1_Init	8	static
../Core/Src/main.c:329:13:MX_I2C2_Init	8	static
../Core/Src/main.c:377:13:MX_QUADSPI_Init	8	static
../Core/Src/main.c:410:13:MX_SPI3_Init	8	static
../Core/Src/main.c:450:13:MX_USART1_UART_Init	8	static
../Core/Src/main.c:485:13:MX_USB_OTG_FS_PCD_Init	8	static
../Core/Src/main.c:518:13:MX_DMA_Init	16	static
../Core/Src/main.c:539:13:MX_GPIO_Init	48	static
../Core/Src/main.c:740:6:HAL_GPIO_EXTI_Callback	24	static
../Core/Src/main.c:749:6:vHandlerTask	48	static
../Core/Src/main.c:772:6:TempDataCollectionTask	88	static
../Core/Src/main.c:792:6:TempProcessingTask	120	static
../Core/Src/main.c:820:6:ToggleLED	48	static
../Core/Src/main.c:841:6:StartDefaultTask	16	static
../Core/Src/main.c:860:6:HAL_TIM_PeriodElapsedCallback	16	static
../Core/Src/main.c:877:6:Error_Handler	4	static,ignoring_inline_asm
